// Jest Snapshot v1, https://goo.gl/fbAQLP

exports[`LegoMetricsService toObject 1`] = `
Object {
  "entries": Array [
    Object {
      "date": "2018-10-10",
      "someKey": 15,
      "someOtherKey": 9,
    },
    Object {
      "date": "2018-10-11",
      "someKey": 3,
      "someOtherKey": 13,
    },
  ],
  "keys": Array [
    "someKey",
    "someOtherKey",
  ],
}
`;
